// Jest Snapshot v1, https://goo.gl/fbAQLP

exports[`Notifications Appearing notification 1`] = `
<div
  class="notifications__item"
  style="transform: none; webkit-transition: transform 1000ms cubic-bezier(0.4, 0, 0.2, 1) 0ms; transition: transform 1000ms cubic-bezier(0.4, 0, 0.2, 1) 0ms;"
>
  test notification
  <button
    class="MuiButtonBase-root MuiButton-root MuiButton-text notifications__item-close-btn MuiButton-textPrimary MuiButton-textSizeSmall MuiButton-sizeSmall"
    tabindex="0"
    type="button"
  >
    <span
      class="MuiButton-label"
    >
      <svg
        aria-hidden="true"
        class="MuiSvgIcon-root"
        focusable="false"
        viewBox="0 0 24 24"
      >
        <path
          d="M19 6.41L17.59 5 12 10.59 6.41 5 5 6.41 10.59 12 5 17.59 6.41 19 12 13.41 17.59 19 19 17.59 13.41 12z"
        />
      </svg>
    </span>
    <span
      class="MuiTouchRipple-root"
    />
  </button>
</div>
`;
